BL51 BANKED LINKER/LOCATER V6.22                                                        03/16/2026  19:44:12  PAGE 1


BL51 BANKED LINKER/LOCATER V6.22, INVOKED BY:
D:\01_PORTABLE_APPS\DEV_KIT\KEIL\C51\BIN\BL51.EXE .\Objects\STARTUP.obj, .\Objects\mian.obj TO .\Objects\test14 PRINT (.
>> \Listings\test14.m51) RAMSIZE (256)


MEMORY MODEL: SMALL


INPUT MODULES INCLUDED:
  .\Objects\STARTUP.obj (?C_STARTUP)
  .\Objects\mian.obj (MIAN)
  D:\01_PORTABLE_APPS\DEV_KIT\KEIL\C51\LIB\C51S.LIB (?C_INIT)


LINK MAP OF MODULE:  .\Objects\test14 (?C_STARTUP)


            TYPE    BASE      LENGTH    RELOCATION   SEGMENT NAME
            -----------------------------------------------------

            * * * * * * *   D A T A   M E M O R Y   * * * * * * *
            REG     0000H     0008H     ABSOLUTE     "REG BANK 0"
            DATA    0008H     0004H     UNIT         ?DT?MIAN
            IDATA   000CH     0001H     UNIT         ?STACK

            * * * * * * *   C O D E   M E M O R Y   * * * * * * *
            CODE    0000H     0003H     ABSOLUTE     
                    0003H     0008H                  *** GAP ***
            CODE    000BH     0003H     ABSOLUTE     
            CODE    000EH     008CH     UNIT         ?C_C51STARTUP
            CODE    009AH     0037H     UNIT         ?PR?SERTIME?MIAN
            CODE    00D1H     0010H     UNIT         ?PR?INITTIME?MIAN
            CODE    00E1H     000EH     UNIT         ?PR?_HC138?MIAN
            CODE    00EFH     000AH     UNIT         ?PR?MAIN?MIAN
            CODE    00F9H     0009H     UNIT         ?C_INITSEG



OVERLAY MAP OF MODULE:   .\Objects\test14 (?C_STARTUP)


SEGMENT
  +--> CALLED SEGMENT
---------------------
?C_C51STARTUP
  +--> ?PR?MAIN?MIAN
  +--> ?C_INITSEG

?PR?MAIN?MIAN
  +--> ?PR?_HC138?MIAN
  +--> ?PR?INITTIME?MIAN



SYMBOL TABLE OF MODULE:  .\Objects\test14 (?C_STARTUP)

  VALUE           TYPE          NAME
  ----------------------------------
BL51 BANKED LINKER/LOCATER V6.22                                                      03/16/2026  19:44:12  PAGE 2



  -------         MODULE        ?C_STARTUP
  C:000EH         SEGMENT       ?C_C51STARTUP
  I:000CH         SEGMENT       ?STACK
  C:0000H         PUBLIC        ?C_STARTUP
  D:00E0H         SYMBOL        ACC
  D:00F0H         SYMBOL        B
  D:0083H         SYMBOL        DPH
  D:0082H         SYMBOL        DPL
  N:0000H         SYMBOL        IBPSTACK
  N:0100H         SYMBOL        IBPSTACKTOP
  N:0080H         SYMBOL        IDATALEN
  C:0011H         SYMBOL        IDATALOOP
  N:0000H         SYMBOL        PBPSTACK
  N:0100H         SYMBOL        PBPSTACKTOP
  N:0000H         SYMBOL        PDATALEN
  N:0000H         SYMBOL        PDATASTART
  N:0000H         SYMBOL        PPAGE
  N:0000H         SYMBOL        PPAGEENABLE
  D:00A0H         SYMBOL        PPAGE_SFR
  D:0081H         SYMBOL        SP
  C:000EH         SYMBOL        STARTUP1
  N:0000H         SYMBOL        XBPSTACK
  N:0000H         SYMBOL        XBPSTACKTOP
  N:0000H         SYMBOL        XDATALEN
  N:0000H         SYMBOL        XDATASTART
  C:0000H         LINE#         126
  C:000EH         LINE#         133
  C:0010H         LINE#         134
  C:0011H         LINE#         135
  C:0012H         LINE#         136
  C:0014H         LINE#         185
  C:0017H         LINE#         196
  -------         ENDMOD        ?C_STARTUP

  -------         MODULE        MIAN
  C:0000H         SYMBOL        _ICE_DUMMY_
  D:0080H         PUBLIC        P0
  D:00A0H         PUBLIC        P2
  B:0080H.7       PUBLIC        L8
  B:00A8H.7       PUBLIC        EA
  C:00EFH         PUBLIC        main
  C:00D1H         PUBLIC        InitTime
  D:0008H         PUBLIC        count
  D:0089H         PUBLIC        TMOD
  B:00A8H.1       PUBLIC        ET0
  D:008CH         PUBLIC        TH0
  D:008AH         PUBLIC        TL0
  D:008BH         PUBLIC        TL1
  B:0088H.4       PUBLIC        TR0
  D:000AH         PUBLIC        count1
  C:00E1H         PUBLIC        _hc138
  B:0080H.0       PUBLIC        L1
  C:009AH         PUBLIC        sertime
  -------         PROC          _HC138
  D:0007H         SYMBOL        n
  C:00E1H         LINE#         6
BL51 BANKED LINKER/LOCATER V6.22                                                      03/16/2026  19:44:12  PAGE 3


  C:00E1H         LINE#         7
  C:00E1H         LINE#         8
  C:00EEH         LINE#         9
  -------         ENDPROC       _HC138
  -------         PROC          INITTIME
  C:00D1H         LINE#         12
  C:00D1H         LINE#         13
  C:00D1H         LINE#         14
  C:00D4H         LINE#         15
  C:00D7H         LINE#         16
  C:00DAH         LINE#         18
  C:00DCH         LINE#         19
  C:00DEH         LINE#         20
  C:00E0H         LINE#         21
  -------         ENDPROC       INITTIME
  -------         PROC          SERTIME
  C:009AH         LINE#         26
  C:009CH         LINE#         28
  C:009FH         LINE#         29
  C:00A2H         LINE#         30
  C:00AAH         LINE#         31
  C:00B2H         LINE#         32
  C:00BAH         LINE#         33
  C:00BAH         LINE#         34
  C:00BCH         LINE#         35
  C:00C0H         LINE#         36
  C:00C0H         LINE#         37
  C:00C8H         LINE#         38
  C:00C8H         LINE#         39
  C:00CAH         LINE#         40
  C:00CEH         LINE#         41
  C:00CEH         LINE#         45
  -------         ENDPROC       SERTIME
  -------         PROC          MAIN
  C:00EFH         LINE#         49
  C:00EFH         LINE#         50
  C:00EFH         LINE#         51
  C:00F4H         LINE#         52
  C:00F7H         LINE#         53
  C:00F7H         LINE#         54
  C:00F7H         LINE#         57
  -------         ENDPROC       MAIN
  -------         ENDMOD        MIAN

Program Size: data=13.0 xdata=0 code=250
LINK/LOCATE RUN COMPLETE.  0 WARNING(S),  0 ERROR(S)
