BL51 BANKED LINKER/LOCATER V6.22                                                        03/02/2026  23:08:32  PAGE 1


BL51 BANKED LINKER/LOCATER V6.22, INVOKED BY:
D:\01_PORTABLE_APPS\DEV_KIT\KEIL\C51\BIN\BL51.EXE .\Objects\STARTUP.obj, .\Objects\main.obj TO .\Objects\test5 PRINT (.\
>> Listings\test5.m51) RAMSIZE (256)


MEMORY MODEL: SMALL


INPUT MODULES INCLUDED:
  .\Objects\STARTUP.obj (?C_STARTUP)
  .\Objects\main.obj (MAIN)


LINK MAP OF MODULE:  .\Objects\test5 (?C_STARTUP)


            TYPE    BASE      LENGTH    RELOCATION   SEGMENT NAME
            -----------------------------------------------------

            * * * * * * *   D A T A   M E M O R Y   * * * * * * *
            REG     0000H     0008H     ABSOLUTE     "REG BANK 0"
            IDATA   0008H     0001H     UNIT         ?STACK

            * * * * * * *   C O D E   M E M O R Y   * * * * * * *
            CODE    0000H     0003H     ABSOLUTE     
            CODE    0003H     002FH     UNIT         ?PR?MAIN?MAIN
            CODE    0032H     001DH     UNIT         ?PR?_SELECT_HC573?MAIN
            CODE    004FH     0015H     UNIT         ?PR?_DELAY?MAIN
            CODE    0064H     000CH     UNIT         ?C_C51STARTUP



OVERLAY MAP OF MODULE:   .\Objects\test5 (?C_STARTUP)


SEGMENT
  +--> CALLED SEGMENT
---------------------
?C_C51STARTUP
  +--> ?PR?MAIN?MAIN

?PR?MAIN?MAIN
  +--> ?PR?_SELECT_HC573?MAIN
  +--> ?PR?_DELAY?MAIN



SYMBOL TABLE OF MODULE:  .\Objects\test5 (?C_STARTUP)

  VALUE           TYPE          NAME
  ----------------------------------

  -------         MODULE        ?C_STARTUP
  C:0064H         SEGMENT       ?C_C51STARTUP
  I:0008H         SEGMENT       ?STACK
  C:0000H         PUBLIC        ?C_STARTUP
  D:00E0H         SYMBOL        ACC
  D:00F0H         SYMBOL        B
BL51 BANKED LINKER/LOCATER V6.22                                                      03/02/2026  23:08:32  PAGE 2


  D:0083H         SYMBOL        DPH
  D:0082H         SYMBOL        DPL
  N:0000H         SYMBOL        IBPSTACK
  N:0100H         SYMBOL        IBPSTACKTOP
  N:0080H         SYMBOL        IDATALEN
  C:0067H         SYMBOL        IDATALOOP
  N:0000H         SYMBOL        PBPSTACK
  N:0100H         SYMBOL        PBPSTACKTOP
  N:0000H         SYMBOL        PDATALEN
  N:0000H         SYMBOL        PDATASTART
  N:0000H         SYMBOL        PPAGE
  N:0000H         SYMBOL        PPAGEENABLE
  D:00A0H         SYMBOL        PPAGE_SFR
  D:0081H         SYMBOL        SP
  C:0064H         SYMBOL        STARTUP1
  N:0000H         SYMBOL        XBPSTACK
  N:0000H         SYMBOL        XBPSTACKTOP
  N:0000H         SYMBOL        XDATALEN
  N:0000H         SYMBOL        XDATASTART
  C:0000H         LINE#         126
  C:0064H         LINE#         133
  C:0066H         LINE#         134
  C:0067H         LINE#         135
  C:0068H         LINE#         136
  C:006AH         LINE#         185
  C:006DH         LINE#         196
  -------         ENDMOD        ?C_STARTUP

  -------         MODULE        MAIN
  C:0000H         SYMBOL        _ICE_DUMMY_
  D:0080H         PUBLIC        P0
  D:0090H         PUBLIC        P1
  D:00A0H         PUBLIC        P2
  D:00B0H         PUBLIC        P3
  D:00C0H         PUBLIC        P4
  D:00C8H         PUBLIC        P5
  D:00E8H         PUBLIC        P6
  D:00F8H         PUBLIC        P7
  D:00A8H         PUBLIC        IE
  D:00B8H         PUBLIC        IP
  D:00D8H         PUBLIC        CCON
  C:0003H         PUBLIC        main
  D:0098H         PUBLIC        SCON
  D:0088H         PUBLIC        TCON
  D:00F0H         PUBLIC        B
  D:00E0H         PUBLIC        ACC
  C:0032H         PUBLIC        _Select_HC573
  C:004FH         PUBLIC        _Delay
  D:00D0H         PUBLIC        PSW
  -------         PROC          _DELAY
  D:0006H         SYMBOL        xms
  -------         DO            
  D:0005H         SYMBOL        i
  D:0004H         SYMBOL        j
  -------         ENDDO         
  C:004FH         LINE#         6
  C:004FH         LINE#         7
BL51 BANKED LINKER/LOCATER V6.22                                                      03/02/2026  23:08:32  PAGE 3


  C:004FH         LINE#         9
  C:0059H         LINE#         10
  C:0059H         LINE#         11
  C:005BH         LINE#         12
  C:005DH         LINE#         14
  C:005DH         LINE#         15
  C:005FH         LINE#         16
  C:0061H         LINE#         17
  C:0063H         LINE#         18
  -------         ENDPROC       _DELAY
  -------         PROC          _SELECT_HC573
  D:0007H         SYMBOL        channel
  C:0032H         LINE#         21
  C:0032H         LINE#         22
  C:0032H         LINE#         24
  C:0035H         LINE#         26
  C:003DH         LINE#         27
  C:003DH         LINE#         28
  C:0046H         LINE#         29
  C:004EH         LINE#         30
  C:004EH         LINE#         31
  -------         ENDPROC       _SELECT_HC573
  -------         PROC          MAIN
  -------         DO            
  D:0003H         SYMBOL        led_data
  -------         ENDDO         
  C:0003H         LINE#         34
  C:0003H         LINE#         35
  C:0003H         LINE#         37
  C:0005H         LINE#         40
  C:000AH         LINE#         41
  C:000DH         LINE#         42
  C:0011H         LINE#         45
  C:0011H         LINE#         46
  C:0011H         LINE#         48
  C:0016H         LINE#         49
  C:0018H         LINE#         50
  C:001DH         LINE#         53
  C:0024H         LINE#         57
  C:0030H         LINE#         58
  -------         ENDPROC       MAIN
  -------         ENDMOD        MAIN

Program Size: data=9.0 xdata=0 code=112
LINK/LOCATE RUN COMPLETE.  0 WARNING(S),  0 ERROR(S)
