BL51 BANKED LINKER/LOCATER V6.22                                                        03/10/2026  19:58:56  PAGE 1


BL51 BANKED LINKER/LOCATER V6.22, INVOKED BY:
D:\01_PORTABLE_APPS\DEV_KIT\KEIL\C51\BIN\BL51.EXE .\Objects\STARTUP.obj, .\Objects\main.obj TO .\Objects\test12 PRINT (.
>> \Listings\test12.m51) RAMSIZE (256)


MEMORY MODEL: SMALL


INPUT MODULES INCLUDED:
  .\Objects\STARTUP.obj (?C_STARTUP)
  .\Objects\main.obj (MAIN)


LINK MAP OF MODULE:  .\Objects\test12 (?C_STARTUP)


            TYPE    BASE      LENGTH    RELOCATION   SEGMENT NAME
            -----------------------------------------------------

            * * * * * * *   D A T A   M E M O R Y   * * * * * * *
            REG     0000H     0008H     ABSOLUTE     "REG BANK 0"
            DATA    0008H     0001H     UNIT         ?DT?MAIN
            IDATA   0009H     0001H     UNIT         ?STACK

            * * * * * * *   C O D E   M E M O R Y   * * * * * * *
            CODE    0000H     0003H     ABSOLUTE     
            CODE    0003H     0036H     UNIT         ?PR?_HC138?MAIN
            CODE    0039H     0020H     UNIT         ?PR?MAIN?MAIN
            CODE    0059H     0015H     UNIT         ?PR?_DELAY?MAIN
            CODE    006EH     0012H     UNIT         ?CO?MAIN
            CODE    0080H     000CH     UNIT         ?C_C51STARTUP
            CODE    008CH     000AH     UNIT         ?PR?_OUT?MAIN



OVERLAY MAP OF MODULE:   .\Objects\test12 (?C_STARTUP)


SEGMENT
  +--> CALLED SEGMENT
---------------------
?C_C51STARTUP
  +--> ?PR?MAIN?MAIN

?PR?MAIN?MAIN
  +--> ?PR?_DELAY?MAIN
  +--> ?PR?_OUT?MAIN

?PR?_OUT?MAIN
  +--> ?PR?_HC138?MAIN



SYMBOL TABLE OF MODULE:  .\Objects\test12 (?C_STARTUP)

  VALUE           TYPE          NAME
  ----------------------------------

BL51 BANKED LINKER/LOCATER V6.22                                                      03/10/2026  19:58:56  PAGE 2


  -------         MODULE        ?C_STARTUP
  C:0080H         SEGMENT       ?C_C51STARTUP
  I:0009H         SEGMENT       ?STACK
  C:0000H         PUBLIC        ?C_STARTUP
  D:00E0H         SYMBOL        ACC
  D:00F0H         SYMBOL        B
  D:0083H         SYMBOL        DPH
  D:0082H         SYMBOL        DPL
  N:0000H         SYMBOL        IBPSTACK
  N:0100H         SYMBOL        IBPSTACKTOP
  N:0080H         SYMBOL        IDATALEN
  C:0083H         SYMBOL        IDATALOOP
  N:0000H         SYMBOL        PBPSTACK
  N:0100H         SYMBOL        PBPSTACKTOP
  N:0000H         SYMBOL        PDATALEN
  N:0000H         SYMBOL        PDATASTART
  N:0000H         SYMBOL        PPAGE
  N:0000H         SYMBOL        PPAGEENABLE
  D:00A0H         SYMBOL        PPAGE_SFR
  D:0081H         SYMBOL        SP
  C:0080H         SYMBOL        STARTUP1
  N:0000H         SYMBOL        XBPSTACK
  N:0000H         SYMBOL        XBPSTACKTOP
  N:0000H         SYMBOL        XDATALEN
  N:0000H         SYMBOL        XDATASTART
  C:0000H         LINE#         126
  C:0080H         LINE#         133
  C:0082H         LINE#         134
  C:0083H         LINE#         135
  C:0084H         LINE#         136
  C:0086H         LINE#         185
  C:0089H         LINE#         196
  -------         ENDMOD        ?C_STARTUP

  -------         MODULE        MAIN
  C:0000H         SYMBOL        _ICE_DUMMY_
  D:0080H         PUBLIC        P0
  D:00A0H         PUBLIC        P2
  D:00B0H         PUBLIC        P3
  B:00B0H.0       PUBLIC        S7
  C:0039H         PUBLIC        main
  C:006EH         PUBLIC        SMG_duanma
  C:008CH         PUBLIC        _out
  C:0003H         PUBLIC        _hc138
  D:0008H         PUBLIC        yu
  C:0059H         PUBLIC        _Delay
  -------         PROC          _DELAY
  D:0006H         SYMBOL        xms
  -------         DO            
  D:0005H         SYMBOL        i
  D:0004H         SYMBOL        j
  -------         ENDDO         
  C:0059H         LINE#         21
  C:0059H         LINE#         22
  C:0059H         LINE#         24
  C:0063H         LINE#         25
  C:0065H         LINE#         26
BL51 BANKED LINKER/LOCATER V6.22                                                      03/10/2026  19:58:56  PAGE 3


  C:0067H         LINE#         27
  C:0067H         LINE#         28
  C:0069H         LINE#         29
  C:006BH         LINE#         30
  C:006DH         LINE#         31
  -------         ENDPROC       _DELAY
  -------         PROC          _HC138
  D:0007H         SYMBOL        n
  C:0003H         LINE#         34
  C:0003H         LINE#         35
  C:0003H         LINE#         36
  C:0006H         LINE#         37
  C:0015H         LINE#         38
  C:001EH         LINE#         39
  C:0027H         LINE#         40
  C:0030H         LINE#         41
  C:0038H         LINE#         42
  C:0038H         LINE#         43
  -------         ENDPROC       _HC138
  -------         PROC          _OUT
  D:0007H         SYMBOL        channel
  D:0005H         SYMBOL        dat
  C:008CH         LINE#         46
  C:008CH         LINE#         47
  C:008CH         LINE#         48
  C:008EH         LINE#         49
  C:0091H         LINE#         50
  -------         ENDPROC       _OUT
  -------         PROC          MAIN
  C:0039H         LINE#         55
  C:0039H         LINE#         56
  C:0039H         LINE#         57
  C:0039H         LINE#         58
  C:003CH         LINE#         59
  C:0043H         LINE#         60
  C:0046H         LINE#         61
  C:0046H         LINE#         62
  C:004DH         LINE#         63
  C:0050H         LINE#         64
  C:0057H         LINE#         65
  C:0057H         LINE#         66
  C:0057H         LINE#         68
  -------         ENDPROC       MAIN
  -------         ENDMOD        MAIN

*** WARNING L16: UNCALLED SEGMENT, IGNORED FOR OVERLAY PROCESS
    SEGMENT: ?CO?MAIN

Program Size: data=10.0 xdata=0 code=150
LINK/LOCATE RUN COMPLETE.  1 WARNING(S),  0 ERROR(S)
