BL51 BANKED LINKER/LOCATER V6.22                                                        03/10/2026  19:15:09  PAGE 1


BL51 BANKED LINKER/LOCATER V6.22, INVOKED BY:
D:\01_PORTABLE_APPS\DEV_KIT\KEIL\C51\BIN\BL51.EXE .\Objects\STARTUP.obj, .\Objects\main.obj TO .\Objects\test11 PRINT (.
>> \Listings\test11.m51) RAMSIZE (256)


MEMORY MODEL: SMALL


INPUT MODULES INCLUDED:
  .\Objects\STARTUP.obj (?C_STARTUP)
  .\Objects\main.obj (MAIN)
  D:\01_PORTABLE_APPS\DEV_KIT\KEIL\C51\LIB\C51S.LIB (?C_INIT)


LINK MAP OF MODULE:  .\Objects\test11 (?C_STARTUP)


            TYPE    BASE      LENGTH    RELOCATION   SEGMENT NAME
            -----------------------------------------------------

            * * * * * * *   D A T A   M E M O R Y   * * * * * * *
            REG     0000H     0008H     ABSOLUTE     "REG BANK 0"
            DATA    0008H     0003H     UNIT         ?DT?MAIN
            IDATA   000BH     0001H     UNIT         ?STACK

            * * * * * * *   C O D E   M E M O R Y   * * * * * * *
            CODE    0000H     0003H     ABSOLUTE     
            CODE    0003H     008CH     UNIT         ?C_C51STARTUP
            CODE    008FH     0043H     UNIT         ?PR?_SMG_DISPLAY?MAIN
            CODE    00D2H     0036H     UNIT         ?PR?_HC138?MAIN
            CODE    0108H     002EH     UNIT         ?PR?_SMG_BIT?MAIN
            CODE    0136H     0029H     UNIT         ?PR?MAIN?MAIN
            CODE    015FH     0015H     UNIT         ?PR?_DELAY?MAIN
            CODE    0174H     0012H     UNIT         ?CO?MAIN
            CODE    0186H     000AH     UNIT         ?PR?_OUT?MAIN
            CODE    0190H     0008H     UNIT         ?C_INITSEG



OVERLAY MAP OF MODULE:   .\Objects\test11 (?C_STARTUP)


SEGMENT
  +--> CALLED SEGMENT
---------------------
?C_C51STARTUP
  +--> ?PR?MAIN?MAIN
  +--> ?C_INITSEG

?PR?MAIN?MAIN
  +--> ?PR?_SMG_DISPLAY?MAIN

?PR?_SMG_DISPLAY?MAIN
  +--> ?PR?_SMG_BIT?MAIN

?PR?_SMG_BIT?MAIN
  +--> ?PR?_OUT?MAIN
  +--> ?CO?MAIN
BL51 BANKED LINKER/LOCATER V6.22                                                      03/10/2026  19:15:09  PAGE 2


  +--> ?PR?_DELAY?MAIN

?PR?_OUT?MAIN
  +--> ?PR?_HC138?MAIN



SYMBOL TABLE OF MODULE:  .\Objects\test11 (?C_STARTUP)

  VALUE           TYPE          NAME
  ----------------------------------

  -------         MODULE        ?C_STARTUP
  C:0003H         SEGMENT       ?C_C51STARTUP
  I:000BH         SEGMENT       ?STACK
  C:0000H         PUBLIC        ?C_STARTUP
  D:00E0H         SYMBOL        ACC
  D:00F0H         SYMBOL        B
  D:0083H         SYMBOL        DPH
  D:0082H         SYMBOL        DPL
  N:0000H         SYMBOL        IBPSTACK
  N:0100H         SYMBOL        IBPSTACKTOP
  N:0080H         SYMBOL        IDATALEN
  C:0006H         SYMBOL        IDATALOOP
  N:0000H         SYMBOL        PBPSTACK
  N:0100H         SYMBOL        PBPSTACKTOP
  N:0000H         SYMBOL        PDATALEN
  N:0000H         SYMBOL        PDATASTART
  N:0000H         SYMBOL        PPAGE
  N:0000H         SYMBOL        PPAGEENABLE
  D:00A0H         SYMBOL        PPAGE_SFR
  D:0081H         SYMBOL        SP
  C:0003H         SYMBOL        STARTUP1
  N:0000H         SYMBOL        XBPSTACK
  N:0000H         SYMBOL        XBPSTACKTOP
  N:0000H         SYMBOL        XDATALEN
  N:0000H         SYMBOL        XDATASTART
  C:0000H         LINE#         126
  C:0003H         LINE#         133
  C:0005H         LINE#         134
  C:0006H         LINE#         135
  C:0007H         LINE#         136
  C:0009H         LINE#         185
  C:000CH         LINE#         196
  -------         ENDMOD        ?C_STARTUP

  -------         MODULE        MAIN
  C:0000H         SYMBOL        _ICE_DUMMY_
  D:0080H         PUBLIC        P0
  D:00A0H         PUBLIC        P2
  C:008FH         PUBLIC        _smg_display
  C:0136H         PUBLIC        main
  D:0008H         PUBLIC        count
  C:0174H         PUBLIC        SMG_duanma
  C:0186H         PUBLIC        _out
  C:00D2H         PUBLIC        _hc138
  C:0108H         PUBLIC        _smg_bit
BL51 BANKED LINKER/LOCATER V6.22                                                      03/10/2026  19:15:09  PAGE 3


  D:000AH         PUBLIC        yu
  C:015FH         PUBLIC        _Delay
  -------         PROC          _DELAY
  D:0006H         SYMBOL        xms
  -------         DO            
  D:0005H         SYMBOL        i
  D:0004H         SYMBOL        j
  -------         ENDDO         
  C:015FH         LINE#         13
  C:015FH         LINE#         14
  C:015FH         LINE#         16
  C:0169H         LINE#         17
  C:0169H         LINE#         18
  C:016BH         LINE#         19
  C:016DH         LINE#         21
  C:016DH         LINE#         22
  C:016FH         LINE#         23
  C:0171H         LINE#         24
  C:0173H         LINE#         25
  -------         ENDPROC       _DELAY
  -------         PROC          _HC138
  D:0007H         SYMBOL        n
  C:00D2H         LINE#         28
  C:00D2H         LINE#         29
  C:00D2H         LINE#         30
  C:00D5H         LINE#         31
  C:00E4H         LINE#         32
  C:00E4H         LINE#         33
  C:00EDH         LINE#         34
  C:00F6H         LINE#         35
  C:00FFH         LINE#         36
  C:0107H         LINE#         37
  C:0107H         LINE#         38
  -------         ENDPROC       _HC138
  -------         PROC          _OUT
  D:0007H         SYMBOL        channel
  D:0005H         SYMBOL        dat
  C:0186H         LINE#         40
  C:0186H         LINE#         41
  C:0186H         LINE#         42
  C:0188H         LINE#         43
  C:018BH         LINE#         44
  -------         ENDPROC       _OUT
  -------         PROC          _SMG_BIT
  D:0006H         SYMBOL        value
  D:0005H         SYMBOL        pos
  C:0108H         LINE#         48
  C:010AH         LINE#         49
  C:010AH         LINE#         50
  C:011DH         LINE#         51
  C:0128H         LINE#         52
  C:012FH         LINE#         53
  -------         ENDPROC       _SMG_BIT
  -------         PROC          _SMG_DISPLAY
  D:0003H         SYMBOL        m
  C:008FH         LINE#         57
  C:0091H         LINE#         58
BL51 BANKED LINKER/LOCATER V6.22                                                      03/10/2026  19:15:09  PAGE 4


  C:0091H         LINE#         59
  C:0098H         LINE#         60
  C:009FH         LINE#         61
  C:00A6H         LINE#         62
  C:00ADH         LINE#         64
  C:00B4H         LINE#         65
  C:00BBH         LINE#         67
  C:00C6H         LINE#         68
  -------         ENDPROC       _SMG_DISPLAY
  -------         PROC          MAIN
  C:0136H         LINE#         75
  C:0136H         LINE#         76
  C:0136H         LINE#         77
  C:0136H         LINE#         78
  C:0136H         LINE#         80
  C:013BH         LINE#         83
  C:0143H         LINE#         84
  C:014CH         LINE#         85
  C:014CH         LINE#         86
  C:0151H         LINE#         87
  C:0153H         LINE#         88
  C:015AH         LINE#         89
  C:015AH         LINE#         90
  C:015DH         LINE#         91
  C:015DH         LINE#         92
  C:015DH         LINE#         93
  -------         ENDPROC       MAIN
  -------         ENDMOD        MAIN

Program Size: data=12.0 xdata=0 code=408
LINK/LOCATE RUN COMPLETE.  0 WARNING(S),  0 ERROR(S)
