BL51 BANKED LINKER/LOCATER V6.22                                                        03/02/2026  22:15:48  PAGE 1


BL51 BANKED LINKER/LOCATER V6.22, INVOKED BY:
D:\01_PORTABLE_APPS\DEV_KIT\KEIL\C51\BIN\BL51.EXE .\Objects\STARTUP.obj, .\Objects\main.obj TO .\Objects\test3 PRINT (.\
>> Listings\test3.m51) RAMSIZE (256)


MEMORY MODEL: SMALL


INPUT MODULES INCLUDED:
  .\Objects\STARTUP.obj (?C_STARTUP)
  .\Objects\main.obj (MAIN)
  D:\01_PORTABLE_APPS\DEV_KIT\KEIL\C51\LIB\C51S.LIB (?C_INIT)


LINK MAP OF MODULE:  .\Objects\test3 (?C_STARTUP)


            TYPE    BASE      LENGTH    RELOCATION   SEGMENT NAME
            -----------------------------------------------------

            * * * * * * *   D A T A   M E M O R Y   * * * * * * *
            REG     0000H     0008H     ABSOLUTE     "REG BANK 0"
            DATA    0008H     0007H     UNIT         ?DT?MAIN
                    000FH     0011H                  *** GAP ***
            BIT     0020H.0   0000H.1   UNIT         ?BI?MAIN
                    0020H.1   0000H.7                *** GAP ***
            IDATA   0021H     0001H     UNIT         ?STACK

            * * * * * * *   C O D E   M E M O R Y   * * * * * * *
            CODE    0000H     0003H     ABSOLUTE     
            CODE    0003H     008CH     UNIT         ?C_C51STARTUP
            CODE    008FH     0072H     UNIT         ?PR?KEY_READ?MAIN
            CODE    0101H     0066H     UNIT         ?PR?MAIN?MAIN
            CODE    0167H     0011H     UNIT         ?PR?_DELAY?MAIN
            CODE    0178H     0008H     UNIT         ?C_INITSEG



OVERLAY MAP OF MODULE:   .\Objects\test3 (?C_STARTUP)


SEGMENT
  +--> CALLED SEGMENT
---------------------
?C_C51STARTUP
  +--> ?PR?MAIN?MAIN
  +--> ?C_INITSEG

?PR?MAIN?MAIN
  +--> ?PR?_DELAY?MAIN
  +--> ?PR?KEY_READ?MAIN



SYMBOL TABLE OF MODULE:  .\Objects\test3 (?C_STARTUP)

  VALUE           TYPE          NAME
  ----------------------------------
BL51 BANKED LINKER/LOCATER V6.22                                                      03/02/2026  22:15:48  PAGE 2



  -------         MODULE        ?C_STARTUP
  C:0003H         SEGMENT       ?C_C51STARTUP
  I:0021H         SEGMENT       ?STACK
  C:0000H         PUBLIC        ?C_STARTUP
  D:00E0H         SYMBOL        ACC
  D:00F0H         SYMBOL        B
  D:0083H         SYMBOL        DPH
  D:0082H         SYMBOL        DPL
  N:0000H         SYMBOL        IBPSTACK
  N:0100H         SYMBOL        IBPSTACKTOP
  N:0080H         SYMBOL        IDATALEN
  C:0006H         SYMBOL        IDATALOOP
  N:0000H         SYMBOL        PBPSTACK
  N:0100H         SYMBOL        PBPSTACKTOP
  N:0000H         SYMBOL        PDATALEN
  N:0000H         SYMBOL        PDATASTART
  N:0000H         SYMBOL        PPAGE
  N:0000H         SYMBOL        PPAGEENABLE
  D:00A0H         SYMBOL        PPAGE_SFR
  D:0081H         SYMBOL        SP
  C:0003H         SYMBOL        STARTUP1
  N:0000H         SYMBOL        XBPSTACK
  N:0000H         SYMBOL        XBPSTACKTOP
  N:0000H         SYMBOL        XDATALEN
  N:0000H         SYMBOL        XDATASTART
  C:0000H         LINE#         126
  C:0003H         LINE#         133
  C:0005H         LINE#         134
  C:0006H         LINE#         135
  C:0007H         LINE#         136
  C:0009H         LINE#         185
  C:000CH         LINE#         196
  -------         ENDMOD        ?C_STARTUP

  -------         MODULE        MAIN
  C:0000H         SYMBOL        _ICE_DUMMY_
  D:0090H         PUBLIC        P1
  C:008FH         PUBLIC        Key_Read
  D:0008H         PUBLIC        Time
  B:00B0H.0       PUBLIC        P3_0
  B:00B0H.1       PUBLIC        P3_1
  B:00B0H.2       PUBLIC        P3_2
  B:00B0H.3       PUBLIC        P3_3
  B:00B0H.4       PUBLIC        P3_4
  B:00B0H.5       PUBLIC        P3_5
  B:00B0H.6       PUBLIC        P3_6
  B:00B0H.7       PUBLIC        P3_7
  D:000AH         PUBLIC        Key_Down
  C:0101H         PUBLIC        main
  D:000BH         PUBLIC        Key_Old
  D:000CH         PUBLIC        Key_Val
  D:000DH         PUBLIC        Key_Up
  B:0020H.0       PUBLIC        System_Flag
  D:000EH         PUBLIC        ucLed
  C:0167H         PUBLIC        _Delay
  -------         PROC          _DELAY
BL51 BANKED LINKER/LOCATER V6.22                                                      03/02/2026  22:15:48  PAGE 3


  D:0007H         SYMBOL        xms
  -------         DO            
  D:0006H         SYMBOL        i
  D:0005H         SYMBOL        j
  -------         ENDDO         
  C:0167H         LINE#         11
  C:0167H         LINE#         12
  C:0167H         LINE#         14
  C:016DH         LINE#         15
  C:016DH         LINE#         16
  C:016FH         LINE#         17
  C:0171H         LINE#         19
  C:0171H         LINE#         20
  C:0173H         LINE#         21
  C:0175H         LINE#         22
  C:0177H         LINE#         23
  -------         ENDPROC       _DELAY
  -------         PROC          KEY_READ
  -------         DO            
  D:0007H         SYMBOL        temp
  -------         ENDDO         
  C:008FH         LINE#         26
  C:008FH         LINE#         27
  C:008FH         LINE#         28
  C:0091H         LINE#         29
  C:0099H         LINE#         30
  C:009DH         LINE#         31
  C:00A2H         LINE#         32
  C:00A7H         LINE#         33
  C:00ACH         LINE#         34
  C:00B4H         LINE#         35
  C:00B9H         LINE#         36
  C:00BEH         LINE#         37
  C:00C3H         LINE#         38
  C:00C8H         LINE#         39
  C:00D0H         LINE#         40
  C:00D5H         LINE#         41
  C:00DAH         LINE#         42
  C:00DFH         LINE#         43
  C:00E4H         LINE#         44
  C:00ECH         LINE#         45
  C:00F1H         LINE#         46
  C:00F6H         LINE#         47
  C:00FBH         LINE#         48
  C:0100H         LINE#         50
  C:0100H         LINE#         51
  -------         ENDPROC       KEY_READ
  -------         PROC          MAIN
  C:0101H         LINE#         54
  C:0101H         LINE#         55
  C:0101H         LINE#         56
  C:0101H         LINE#         57
  C:0101H         LINE#         59
  C:0106H         LINE#         62
  C:010BH         LINE#         63
  C:0114H         LINE#         64
  C:011AH         LINE#         65
BL51 BANKED LINKER/LOCATER V6.22                                                      03/02/2026  22:15:48  PAGE 4


  C:011DH         LINE#         68
  C:0120H         LINE#         69
  C:0120H         LINE#         70
  C:012DH         LINE#         71
  C:012FH         LINE#         72
  C:0134H         LINE#         73
  C:0134H         LINE#         75
  C:0144H         LINE#         76
  C:0144H         LINE#         77
  C:0144H         LINE#         78
  C:0146H         LINE#         79
  C:0148H         LINE#         81
  C:0148H         LINE#         82
  C:014AH         LINE#         83
  C:014CH         LINE#         85
  C:014CH         LINE#         86
  C:0157H         LINE#         87
  C:0159H         LINE#         89
  C:0159H         LINE#         90
  C:0165H         LINE#         91
  -------         ENDPROC       MAIN
  -------         ENDMOD        MAIN

Program Size: data=16.1 xdata=0 code=384
LINK/LOCATE RUN COMPLETE.  0 WARNING(S),  0 ERROR(S)
