BL51 BANKED LINKER/LOCATER V6.22                                                        03/05/2026  19:17:42  PAGE 1


BL51 BANKED LINKER/LOCATER V6.22, INVOKED BY:
D:\01_PORTABLE_APPS\DEV_KIT\KEIL\C51\BIN\BL51.EXE .\Objects\STARTUP.obj, .\Objects\main.obj TO .\Objects\test8 PRINT (.\
>> Listings\test8.m51) RAMSIZE (256)


MEMORY MODEL: SMALL


INPUT MODULES INCLUDED:
  .\Objects\STARTUP.obj (?C_STARTUP)
  .\Objects\main.obj (MAIN)


LINK MAP OF MODULE:  .\Objects\test8 (?C_STARTUP)


            TYPE    BASE      LENGTH    RELOCATION   SEGMENT NAME
            -----------------------------------------------------

            * * * * * * *   D A T A   M E M O R Y   * * * * * * *
            REG     0000H     0008H     ABSOLUTE     "REG BANK 0"
            IDATA   0008H     0001H     UNIT         ?STACK

            * * * * * * *   C O D E   M E M O R Y   * * * * * * *
            CODE    0000H     0003H     ABSOLUTE     
            CODE    0003H     006EH     UNIT         ?PR?LEDRUNNING?MAIN
            CODE    0071H     0036H     UNIT         ?PR?_HC138?MAIN
            CODE    00A7H     0020H     UNIT         ?PR?_DELAY?MAIN
            CODE    00C7H     000CH     UNIT         ?C_C51STARTUP
            CODE    00D3H     000AH     UNIT         ?PR?MAIN?MAIN



OVERLAY MAP OF MODULE:   .\Objects\test8 (?C_STARTUP)


SEGMENT
  +--> CALLED SEGMENT
---------------------
?C_C51STARTUP
  +--> ?PR?MAIN?MAIN

?PR?MAIN?MAIN
  +--> ?PR?_HC138?MAIN
  +--> ?PR?LEDRUNNING?MAIN

?PR?LEDRUNNING?MAIN
  +--> ?PR?_HC138?MAIN
  +--> ?PR?_DELAY?MAIN

?PR?_DELAY?MAIN
  +--> ?PR?_HC138?MAIN



SYMBOL TABLE OF MODULE:  .\Objects\test8 (?C_STARTUP)

  VALUE           TYPE          NAME
BL51 BANKED LINKER/LOCATER V6.22                                                      03/05/2026  19:17:42  PAGE 2


  ----------------------------------

  -------         MODULE        ?C_STARTUP
  C:00C7H         SEGMENT       ?C_C51STARTUP
  I:0008H         SEGMENT       ?STACK
  C:0000H         PUBLIC        ?C_STARTUP
  D:00E0H         SYMBOL        ACC
  D:00F0H         SYMBOL        B
  D:0083H         SYMBOL        DPH
  D:0082H         SYMBOL        DPL
  N:0000H         SYMBOL        IBPSTACK
  N:0100H         SYMBOL        IBPSTACKTOP
  N:0080H         SYMBOL        IDATALEN
  C:00CAH         SYMBOL        IDATALOOP
  N:0000H         SYMBOL        PBPSTACK
  N:0100H         SYMBOL        PBPSTACKTOP
  N:0000H         SYMBOL        PDATALEN
  N:0000H         SYMBOL        PDATASTART
  N:0000H         SYMBOL        PPAGE
  N:0000H         SYMBOL        PPAGEENABLE
  D:00A0H         SYMBOL        PPAGE_SFR
  D:0081H         SYMBOL        SP
  C:00C7H         SYMBOL        STARTUP1
  N:0000H         SYMBOL        XBPSTACK
  N:0000H         SYMBOL        XBPSTACKTOP
  N:0000H         SYMBOL        XDATALEN
  N:0000H         SYMBOL        XDATASTART
  C:0000H         LINE#         126
  C:00C7H         LINE#         133
  C:00C9H         LINE#         134
  C:00CAH         LINE#         135
  C:00CBH         LINE#         136
  C:00CDH         LINE#         185
  C:00D0H         LINE#         196
  -------         ENDMOD        ?C_STARTUP

  -------         MODULE        MAIN
  C:0000H         SYMBOL        _ICE_DUMMY_
  D:0080H         PUBLIC        P0
  D:00A0H         PUBLIC        P2
  C:00D3H         PUBLIC        main
  C:0071H         PUBLIC        _hc138
  C:00B2H         PUBLIC        _Delay
  C:0003H         PUBLIC        LedRunning
  -------         PROC          _HC138
  D:0007H         SYMBOL        n
  C:0071H         LINE#         4
  C:0071H         LINE#         5
  C:0074H         LINE#         6
  C:0083H         LINE#         7
  C:0083H         LINE#         8
  C:008CH         LINE#         9
  C:0095H         LINE#         10
  C:009EH         LINE#         11
  C:00A6H         LINE#         13
  C:00A6H         LINE#         16
  -------         ENDPROC       _HC138
BL51 BANKED LINKER/LOCATER V6.22                                                      03/05/2026  19:17:42  PAGE 3


  C:00A9H         SYMBOL        L?0037
  C:00AAH         SYMBOL        L?0038
  -------         PROC          L?0036
  -------         ENDPROC       L?0036
  C:00A9H         SYMBOL        L?0037
  C:00AAH         SYMBOL        L?0038
  -------         PROC          _DELAY
  D:0006H         SYMBOL        xms
  -------         DO            
  D:0005H         SYMBOL        i
  D:0004H         SYMBOL        j
  -------         ENDDO         
  C:00B2H         LINE#         18
  C:00B2H         LINE#         19
  C:00B2H         LINE#         21
  C:00BCH         LINE#         22
  C:00BEH         LINE#         23
  C:00C0H         LINE#         25
  C:00C0H         LINE#         26
  C:00C2H         LINE#         27
  C:00C4H         LINE#         28
  -------         ENDPROC       _DELAY
  -------         PROC          LEDRUNNING
  -------         DO            
  D:0002H         SYMBOL        i
  -------         ENDDO         
  C:0003H         LINE#         30
  C:0003H         LINE#         31
  C:0003H         LINE#         33
  C:0006H         LINE#         34
  C:0006H         LINE#         35
  C:000BH         LINE#         36
  C:000EH         LINE#         37
  C:000EH         LINE#         38
  C:0011H         LINE#         40
  C:0016H         LINE#         41
  C:0019H         LINE#         42
  C:0019H         LINE#         43
  C:001CH         LINE#         44
  C:0027H         LINE#         46
  C:002BH         LINE#         47
  C:002BH         LINE#         48
  C:0030H         LINE#         49
  C:003DH         LINE#         50
  C:003DH         LINE#         51
  C:0040H         LINE#         52
  C:004BH         LINE#         54
  C:004FH         LINE#         55
  C:004FH         LINE#         56
  C:0054H         LINE#         57
  C:0062H         LINE#         58
  C:0062H         LINE#         59
  C:0065H         LINE#         60
  C:0070H         LINE#         63
  -------         ENDPROC       LEDRUNNING
  -------         PROC          MAIN
  C:00D3H         LINE#         65
BL51 BANKED LINKER/LOCATER V6.22                                                      03/05/2026  19:17:42  PAGE 4


  C:00D3H         LINE#         67
  C:00D8H         LINE#         69
  C:00D8H         LINE#         70
  C:00D8H         LINE#         71
  C:00DBH         LINE#         74
  -------         ENDPROC       MAIN
  -------         ENDMOD        MAIN

Program Size: data=9.0 xdata=0 code=221
LINK/LOCATE RUN COMPLETE.  0 WARNING(S),  0 ERROR(S)
