BL51 BANKED LINKER/LOCATER V6.22                                                        03/05/2026  21:31:48  PAGE 1


BL51 BANKED LINKER/LOCATER V6.22, INVOKED BY:
D:\01_PORTABLE_APPS\DEV_KIT\KEIL\C51\BIN\BL51.EXE .\Objects\STARTUP.obj, .\Objects\main.obj TO .\Objects\test9 PRINT (.\
>> Listings\test9.m51) RAMSIZE (256)


MEMORY MODEL: SMALL


INPUT MODULES INCLUDED:
  .\Objects\STARTUP.obj (?C_STARTUP)
  .\Objects\main.obj (MAIN)


LINK MAP OF MODULE:  .\Objects\test9 (?C_STARTUP)


            TYPE    BASE      LENGTH    RELOCATION   SEGMENT NAME
            -----------------------------------------------------

            * * * * * * *   D A T A   M E M O R Y   * * * * * * *
            REG     0000H     0008H     ABSOLUTE     "REG BANK 0"
            IDATA   0008H     0001H     UNIT         ?STACK

            * * * * * * *   C O D E   M E M O R Y   * * * * * * *
            CODE    0000H     0003H     ABSOLUTE     
            CODE    0003H     005CH     UNIT         ?PR?LEDRUNNING?MAIN
            CODE    005FH     0036H     UNIT         ?PR?_HC138?MAIN
            CODE    0095H     001FH     UNIT         ?PR?_DELAY?MAIN
            CODE    00B4H     0013H     UNIT         ?PR?MAIN?MAIN
            CODE    00C7H     000CH     UNIT         ?C_C51STARTUP
            CODE    00D3H     000AH     UNIT         ?PR?_OUT?MAIN



OVERLAY MAP OF MODULE:   .\Objects\test9 (?C_STARTUP)


SEGMENT
  +--> CALLED SEGMENT
---------------------
?C_C51STARTUP
  +--> ?PR?MAIN?MAIN

?PR?MAIN?MAIN
  +--> ?PR?_OUT?MAIN
  +--> ?PR?LEDRUNNING?MAIN

?PR?_OUT?MAIN
  +--> ?PR?_HC138?MAIN

?PR?LEDRUNNING?MAIN
  +--> ?PR?_DELAY?MAIN
  +--> ?PR?_OUT?MAIN

?PR?_DELAY?MAIN
  +--> ?PR?_OUT?MAIN


BL51 BANKED LINKER/LOCATER V6.22                                                      03/05/2026  21:31:48  PAGE 2



SYMBOL TABLE OF MODULE:  .\Objects\test9 (?C_STARTUP)

  VALUE           TYPE          NAME
  ----------------------------------

  -------         MODULE        ?C_STARTUP
  C:00C7H         SEGMENT       ?C_C51STARTUP
  I:0008H         SEGMENT       ?STACK
  C:0000H         PUBLIC        ?C_STARTUP
  D:00E0H         SYMBOL        ACC
  D:00F0H         SYMBOL        B
  D:0083H         SYMBOL        DPH
  D:0082H         SYMBOL        DPL
  N:0000H         SYMBOL        IBPSTACK
  N:0100H         SYMBOL        IBPSTACKTOP
  N:0080H         SYMBOL        IDATALEN
  C:00CAH         SYMBOL        IDATALOOP
  N:0000H         SYMBOL        PBPSTACK
  N:0100H         SYMBOL        PBPSTACKTOP
  N:0000H         SYMBOL        PDATALEN
  N:0000H         SYMBOL        PDATASTART
  N:0000H         SYMBOL        PPAGE
  N:0000H         SYMBOL        PPAGEENABLE
  D:00A0H         SYMBOL        PPAGE_SFR
  D:0081H         SYMBOL        SP
  C:00C7H         SYMBOL        STARTUP1
  N:0000H         SYMBOL        XBPSTACK
  N:0000H         SYMBOL        XBPSTACKTOP
  N:0000H         SYMBOL        XDATALEN
  N:0000H         SYMBOL        XDATASTART
  C:0000H         LINE#         126
  C:00C7H         LINE#         133
  C:00C9H         LINE#         134
  C:00CAH         LINE#         135
  C:00CBH         LINE#         136
  C:00CDH         LINE#         185
  C:00D0H         LINE#         196
  -------         ENDMOD        ?C_STARTUP

  -------         MODULE        MAIN
  C:0000H         SYMBOL        _ICE_DUMMY_
  D:0080H         PUBLIC        P0
  D:00A0H         PUBLIC        P2
  C:00B4H         PUBLIC        main
  C:00D3H         PUBLIC        _Out
  C:005FH         PUBLIC        _hc138
  C:009FH         PUBLIC        _Delay
  C:0003H         PUBLIC        LedRunning
  -------         PROC          _HC138
  D:0007H         SYMBOL        n
  C:005FH         LINE#         4
  C:005FH         LINE#         5
  C:0062H         LINE#         6
  C:0071H         LINE#         7
  C:0071H         LINE#         8
  C:007AH         LINE#         9
BL51 BANKED LINKER/LOCATER V6.22                                                      03/05/2026  21:31:48  PAGE 3


  C:0083H         LINE#         10
  C:008CH         LINE#         11
  C:0094H         LINE#         12
  C:0094H         LINE#         13
  -------         ENDPROC       _HC138
  C:0095H         SYMBOL        L?0035
  C:0096H         SYMBOL        L?0036
  C:0098H         SYMBOL        L?0037
  -------         PROC          L?0034
  -------         ENDPROC       L?0034
  C:0095H         SYMBOL        L?0035
  C:0096H         SYMBOL        L?0036
  C:0098H         SYMBOL        L?0037
  -------         PROC          _DELAY
  D:0006H         SYMBOL        xms
  -------         DO            
  D:0005H         SYMBOL        i
  D:0004H         SYMBOL        j
  -------         ENDDO         
  C:009FH         LINE#         16
  C:009FH         LINE#         17
  C:009FH         LINE#         19
  C:00A9H         LINE#         20
  C:00ABH         LINE#         21
  C:00ADH         LINE#         23
  C:00ADH         LINE#         24
  C:00AFH         LINE#         25
  C:00B1H         LINE#         26
  C:00B3H         LINE#         27
  -------         ENDPROC       _DELAY
  -------         PROC          _OUT
  D:0007H         SYMBOL        channel
  D:0005H         SYMBOL        dat
  C:00D3H         LINE#         30
  C:00D3H         LINE#         31
  C:00D3H         LINE#         32
  C:00D6H         LINE#         33
  C:00D8H         LINE#         34
  -------         ENDPROC       _OUT
  -------         PROC          LEDRUNNING
  -------         DO            
  D:0003H         SYMBOL        i
  -------         ENDDO         
  C:0003H         LINE#         37
  C:0003H         LINE#         38
  C:0003H         LINE#         42
  C:0005H         LINE#         43
  C:0005H         LINE#         44
  C:0006H         LINE#         45
  C:0009H         LINE#         47
  C:000BH         LINE#         48
  C:000EH         LINE#         49
  C:0012H         LINE#         52
  C:0014H         LINE#         53
  C:0014H         LINE#         54
  C:001FH         LINE#         55
  C:0022H         LINE#         56
BL51 BANKED LINKER/LOCATER V6.22                                                      03/05/2026  21:31:48  PAGE 4


  C:0026H         LINE#         58
  C:002DH         LINE#         59
  C:0034H         LINE#         61
  C:003BH         LINE#         62
  C:0042H         LINE#         64
  C:0046H         LINE#         65
  C:0049H         LINE#         68
  C:004BH         LINE#         69
  C:004BH         LINE#         70
  C:0057H         LINE#         71
  C:005AH         LINE#         72
  C:005EH         LINE#         73
  -------         ENDPROC       LEDRUNNING
  -------         PROC          MAIN
  C:00B4H         LINE#         75
  C:00B4H         LINE#         78
  C:00BBH         LINE#         79
  C:00C2H         LINE#         81
  C:00C2H         LINE#         82
  C:00C2H         LINE#         83
  C:00C5H         LINE#         84
  -------         ENDPROC       MAIN
  -------         ENDMOD        MAIN

Program Size: data=9.0 xdata=0 code=221
LINK/LOCATE RUN COMPLETE.  0 WARNING(S),  0 ERROR(S)
