BL51 BANKED LINKER/LOCATER V6.22                                                        03/18/2026  20:06:17  PAGE 1


BL51 BANKED LINKER/LOCATER V6.22, INVOKED BY:
D:\01_PORTABLE_APPS\DEV_KIT\KEIL\C51\BIN\BL51.EXE .\Objects\STARTUP.obj, .\Objects\main.obj TO .\Objects\test16 PRINT (.
>> \Listings\test16.m51) RAMSIZE (256)


MEMORY MODEL: SMALL


INPUT MODULES INCLUDED:
  .\Objects\STARTUP.obj (?C_STARTUP)
  .\Objects\main.obj (MAIN)
  D:\01_PORTABLE_APPS\DEV_KIT\KEIL\C51\LIB\C51S.LIB (?C_INIT)


LINK MAP OF MODULE:  .\Objects\test16 (?C_STARTUP)


            TYPE    BASE      LENGTH    RELOCATION   SEGMENT NAME
            -----------------------------------------------------

            * * * * * * *   D A T A   M E M O R Y   * * * * * * *
            REG     0000H     0008H     ABSOLUTE     "REG BANK 0"
            DATA    0008H     0004H     UNIT         ?DT?MAIN
            IDATA   000CH     0001H     UNIT         ?STACK

            * * * * * * *   C O D E   M E M O R Y   * * * * * * *
            CODE    0000H     0003H     ABSOLUTE     
            CODE    0003H     0008H     UNIT         ?C_INITSEG
            CODE    000BH     0003H     ABSOLUTE     
            CODE    000EH     008CH     UNIT         ?C_C51STARTUP
            CODE    009AH     0052H     UNIT         ?PR?SCAN_KEY?MAIN
            CODE    00ECH     0024H     UNIT         ?PR?TIME_SERVICE?MAIN
            CODE    0110H     0010H     UNIT         ?PR?TIMER0_INIT?MAIN
            CODE    0120H     000BH     UNIT         ?PR?_DELAY_KEY?MAIN
            CODE    012BH     000BH     UNIT         ?PR?MAIN?MAIN
            CODE    0136H     0009H     UNIT         ?PR?HC138?MAIN



OVERLAY MAP OF MODULE:   .\Objects\test16 (?C_STARTUP)


SEGMENT
  +--> CALLED SEGMENT
---------------------
?C_C51STARTUP
  +--> ?PR?MAIN?MAIN
  +--> ?C_INITSEG

?PR?MAIN?MAIN
  +--> ?PR?HC138?MAIN
  +--> ?PR?TIMER0_INIT?MAIN
  +--> ?PR?SCAN_KEY?MAIN

?PR?SCAN_KEY?MAIN
  +--> ?PR?_DELAY_KEY?MAIN


BL51 BANKED LINKER/LOCATER V6.22                                                      03/18/2026  20:06:17  PAGE 2



SYMBOL TABLE OF MODULE:  .\Objects\test16 (?C_STARTUP)

  VALUE           TYPE          NAME
  ----------------------------------

  -------         MODULE        ?C_STARTUP
  C:000EH         SEGMENT       ?C_C51STARTUP
  I:000CH         SEGMENT       ?STACK
  C:0000H         PUBLIC        ?C_STARTUP
  D:00E0H         SYMBOL        ACC
  D:00F0H         SYMBOL        B
  D:0083H         SYMBOL        DPH
  D:0082H         SYMBOL        DPL
  N:0000H         SYMBOL        IBPSTACK
  N:0100H         SYMBOL        IBPSTACKTOP
  N:0080H         SYMBOL        IDATALEN
  C:0011H         SYMBOL        IDATALOOP
  N:0000H         SYMBOL        PBPSTACK
  N:0100H         SYMBOL        PBPSTACKTOP
  N:0000H         SYMBOL        PDATALEN
  N:0000H         SYMBOL        PDATASTART
  N:0000H         SYMBOL        PPAGE
  N:0000H         SYMBOL        PPAGEENABLE
  D:00A0H         SYMBOL        PPAGE_SFR
  D:0081H         SYMBOL        SP
  C:000EH         SYMBOL        STARTUP1
  N:0000H         SYMBOL        XBPSTACK
  N:0000H         SYMBOL        XBPSTACKTOP
  N:0000H         SYMBOL        XDATALEN
  N:0000H         SYMBOL        XDATASTART
  C:0000H         LINE#         126
  C:000EH         LINE#         133
  C:0010H         LINE#         134
  C:0011H         LINE#         135
  C:0012H         LINE#         136
  C:0014H         LINE#         185
  C:0017H         LINE#         196
  -------         ENDMOD        ?C_STARTUP

  -------         MODULE        MAIN
  C:0000H         SYMBOL        _ICE_DUMMY_
  D:0008H         PUBLIC        pwm_duty
  D:0080H         PUBLIC        P0
  D:00A0H         PUBLIC        P2
  D:00B0H         PUBLIC        P3
  B:00A8H.7       PUBLIC        EA
  B:00B0H.0       PUBLIC        S7
  C:009AH         PUBLIC        Scan_Key
  C:012BH         PUBLIC        main
  C:0110H         PUBLIC        Timer0_Init
  D:0009H         PUBLIC        count
  D:0089H         PUBLIC        TMOD
  D:000AH         PUBLIC        stat
  C:00ECH         PUBLIC        Time_Service
  B:00A8H.1       PUBLIC        ET0
  B:0088H.5       PUBLIC        TF0
BL51 BANKED LINKER/LOCATER V6.22                                                      03/18/2026  20:06:17  PAGE 3


  D:008CH         PUBLIC        TH0
  D:008AH         PUBLIC        TL0
  B:0088H.4       PUBLIC        TR0
  C:0136H         PUBLIC        hc138
  C:0120H         PUBLIC        _Delay_Key
  B:0080H.0       PUBLIC        L1
  -------         PROC          HC138
  C:0136H         LINE#         7
  C:0136H         LINE#         8
  C:0136H         LINE#         9
  C:013EH         LINE#         10
  -------         ENDPROC       HC138
  -------         PROC          TIMER0_INIT
  C:0110H         LINE#         14
  C:0110H         LINE#         15
  C:0110H         LINE#         16
  C:0113H         LINE#         17
  C:0116H         LINE#         18
  C:0119H         LINE#         19
  C:011BH         LINE#         20
  C:011DH         LINE#         21
  C:011FH         LINE#         22
  -------         ENDPROC       TIMER0_INIT
  -------         PROC          TIME_SERVICE
  C:00ECH         LINE#         25
  C:00F0H         LINE#         27
  C:00F3H         LINE#         28
  C:00F6H         LINE#         30
  C:00F8H         LINE#         31
  C:00FDH         LINE#         32
  C:00FDH         LINE#         33
  C:00FFH         LINE#         34
  C:0101H         LINE#         35
  C:0106H         LINE#         36
  C:0106H         LINE#         37
  C:0108H         LINE#         38
  C:010BH         LINE#         39
  C:010BH         LINE#         40
  -------         ENDPROC       TIME_SERVICE
  -------         PROC          _DELAY_KEY
  D:0006H         SYMBOL        t
  C:0120H         LINE#         44
  C:0120H         LINE#         45
  C:0120H         LINE#         46
  C:012AH         LINE#         47
  -------         ENDPROC       _DELAY_KEY
  -------         PROC          SCAN_KEY
  C:009AH         LINE#         50
  C:009AH         LINE#         51
  C:009AH         LINE#         52
  C:009DH         LINE#         53
  C:009DH         LINE#         54
  C:00A4H         LINE#         55
  C:00A7H         LINE#         56
  C:00A7H         LINE#         57
  C:00BAH         LINE#         58
  C:00BAH         LINE#         59
BL51 BANKED LINKER/LOCATER V6.22                                                      03/18/2026  20:06:17  PAGE 4


  C:00BAH         LINE#         60
  C:00BCH         LINE#         61
  C:00BEH         LINE#         62
  C:00C1H         LINE#         63
  C:00C7H         LINE#         64
  C:00C9H         LINE#         65
  C:00C9H         LINE#         66
  C:00CCH         LINE#         67
  C:00D2H         LINE#         68
  C:00D4H         LINE#         69
  C:00D4H         LINE#         70
  C:00D7H         LINE#         71
  C:00DDH         LINE#         72
  C:00DFH         LINE#         73
  C:00DFH         LINE#         74
  C:00E1H         LINE#         75
  C:00E3H         LINE#         76
  C:00E8H         LINE#         77
  C:00E8H         LINE#         78
  C:00E8H         LINE#         79
  C:00EBH         LINE#         80
  C:00EBH         LINE#         81
  C:00EBH         LINE#         82
  -------         ENDPROC       SCAN_KEY
  -------         PROC          MAIN
  C:012BH         LINE#         88
  C:012BH         LINE#         89
  C:012BH         LINE#         90
  C:012EH         LINE#         91
  C:0131H         LINE#         92
  C:0131H         LINE#         93
  C:0131H         LINE#         94
  C:0134H         LINE#         96
  -------         ENDPROC       MAIN
  -------         ENDMOD        MAIN

Program Size: data=13.0 xdata=0 code=319
LINK/LOCATE RUN COMPLETE.  0 WARNING(S),  0 ERROR(S)
