BL51 BANKED LINKER/LOCATER V6.22                                                        03/17/2026  20:17:29  PAGE 1


BL51 BANKED LINKER/LOCATER V6.22, INVOKED BY:
D:\01_PORTABLE_APPS\DEV_KIT\KEIL\C51\BIN\BL51.EXE .\Objects\STARTUP.obj, .\Objects\main.obj TO .\Objects\test15 PRINT (.
>> \Listings\test15.m51) RAMSIZE (256)


MEMORY MODEL: SMALL


INPUT MODULES INCLUDED:
  .\Objects\STARTUP.obj (?C_STARTUP)
  .\Objects\main.obj (MAIN)
  D:\01_PORTABLE_APPS\DEV_KIT\KEIL\C51\LIB\C51S.LIB (?C_INIT)


LINK MAP OF MODULE:  .\Objects\test15 (?C_STARTUP)


            TYPE    BASE      LENGTH    RELOCATION   SEGMENT NAME
            -----------------------------------------------------

            * * * * * * *   D A T A   M E M O R Y   * * * * * * *
            REG     0000H     0008H     ABSOLUTE     "REG BANK 0"
            DATA    0008H     0003H     UNIT         ?DT?MAIN
            IDATA   000BH     0001H     UNIT         ?STACK

            * * * * * * *   C O D E   M E M O R Y   * * * * * * *
            CODE    0000H     0003H     ABSOLUTE     
                    0003H     0008H                  *** GAP ***
            CODE    000BH     0003H     ABSOLUTE     
            CODE    000EH     008CH     UNIT         ?C_C51STARTUP
            CODE    009AH     0064H     UNIT         ?PR?SMG_SHOW?MAIN
            CODE    00FEH     0034H     UNIT         ?PR?KEY?MAIN
            CODE    0132H     002DH     UNIT         ?PR?SERVICETIME?MAIN
            CODE    015FH     0025H     UNIT         ?PR?_SMG_BIT?MAIN
            CODE    0184H     001DH     UNIT         ?PR?_SMG_DELAY?MAIN
            CODE    01A1H     0015H     UNIT         ?PR?_DELAY?MAIN
            CODE    01B6H     0012H     UNIT         ?CO?MAIN
            CODE    01C8H     0010H     UNIT         ?PR?INITTIME?MAIN
            CODE    01D8H     000EH     UNIT         ?PR?_HC138?MAIN
            CODE    01E6H     000BH     UNIT         ?PR?_KEY_DELAY?MAIN
            CODE    01F1H     000BH     UNIT         ?PR?MAIN?MAIN
            CODE    01FCH     000AH     UNIT         ?PR?_OUT?MAIN
            CODE    0206H     000AH     UNIT         ?C_INITSEG



OVERLAY MAP OF MODULE:   .\Objects\test15 (?C_STARTUP)


SEGMENT
  +--> CALLED SEGMENT
---------------------
?C_C51STARTUP
  +--> ?PR?MAIN?MAIN
  +--> ?C_INITSEG

?PR?MAIN?MAIN
  +--> ?PR?INITTIME?MAIN
BL51 BANKED LINKER/LOCATER V6.22                                                      03/17/2026  20:17:29  PAGE 2


  +--> ?PR?SMG_SHOW?MAIN
  +--> ?PR?KEY?MAIN

?PR?SMG_SHOW?MAIN
  +--> ?PR?_SMG_DELAY?MAIN
  +--> ?CO?MAIN
  +--> ?PR?_SMG_BIT?MAIN

?PR?_SMG_DELAY?MAIN
  +--> ?CO?MAIN
  +--> ?PR?_SMG_BIT?MAIN

?PR?_SMG_BIT?MAIN
  +--> ?PR?_OUT?MAIN

?PR?_OUT?MAIN
  +--> ?PR?_HC138?MAIN

?PR?KEY?MAIN
  +--> ?PR?_KEY_DELAY?MAIN
  +--> ?PR?SMG_SHOW?MAIN



SYMBOL TABLE OF MODULE:  .\Objects\test15 (?C_STARTUP)

  VALUE           TYPE          NAME
  ----------------------------------

  -------         MODULE        ?C_STARTUP
  C:000EH         SEGMENT       ?C_C51STARTUP
  I:000BH         SEGMENT       ?STACK
  C:0000H         PUBLIC        ?C_STARTUP
  D:00E0H         SYMBOL        ACC
  D:00F0H         SYMBOL        B
  D:0083H         SYMBOL        DPH
  D:0082H         SYMBOL        DPL
  N:0000H         SYMBOL        IBPSTACK
  N:0100H         SYMBOL        IBPSTACKTOP
  N:0080H         SYMBOL        IDATALEN
  C:0011H         SYMBOL        IDATALOOP
  N:0000H         SYMBOL        PBPSTACK
  N:0100H         SYMBOL        PBPSTACKTOP
  N:0000H         SYMBOL        PDATALEN
  N:0000H         SYMBOL        PDATASTART
  N:0000H         SYMBOL        PPAGE
  N:0000H         SYMBOL        PPAGEENABLE
  D:00A0H         SYMBOL        PPAGE_SFR
  D:0081H         SYMBOL        SP
  C:000EH         SYMBOL        STARTUP1
  N:0000H         SYMBOL        XBPSTACK
  N:0000H         SYMBOL        XBPSTACKTOP
  N:0000H         SYMBOL        XDATALEN
  N:0000H         SYMBOL        XDATASTART
  C:0000H         LINE#         126
  C:000EH         LINE#         133
  C:0010H         LINE#         134
BL51 BANKED LINKER/LOCATER V6.22                                                      03/17/2026  20:17:29  PAGE 3


  C:0011H         LINE#         135
  C:0012H         LINE#         136
  C:0014H         LINE#         185
  C:0017H         LINE#         196
  -------         ENDMOD        ?C_STARTUP

  -------         MODULE        MAIN
  C:0000H         SYMBOL        _ICE_DUMMY_
  D:0008H         PUBLIC        time_m
  D:0080H         PUBLIC        P0
  D:00A0H         PUBLIC        P2
  D:00B0H         PUBLIC        P3
  D:0009H         PUBLIC        time_s
  B:00A8H.7       PUBLIC        EA
  B:00B0H.3       PUBLIC        S4
  B:00B0H.2       PUBLIC        S5
  C:015FH         PUBLIC        _SMG_bit
  D:000AH         PUBLIC        time_005ms
  C:009AH         PUBLIC        SMG_show
  C:01E6H         PUBLIC        _Key_delay
  C:01F1H         PUBLIC        main
  C:01C8H         PUBLIC        InitTime
  C:00FEH         PUBLIC        Key
  D:0089H         PUBLIC        TMOD
  C:01B6H         PUBLIC        SMG_duanma
  B:00A8H.1       PUBLIC        ET0
  D:008CH         PUBLIC        TH0
  D:008AH         PUBLIC        TL0
  B:0088H.4       PUBLIC        TR0
  C:01FCH         PUBLIC        _out
  C:0196H         PUBLIC        _SMG_delay
  C:0132H         PUBLIC        ServiceTime
  C:01D8H         PUBLIC        _hc138
  C:01A1H         PUBLIC        _Delay
  -------         PROC          _DELAY
  D:0006H         SYMBOL        time
  -------         DO            
  D:0005H         SYMBOL        i
  D:0004H         SYMBOL        j
  -------         ENDDO         
  C:01A1H         LINE#         13
  C:01A1H         LINE#         14
  C:01A1H         LINE#         17
  C:01A3H         LINE#         18
  C:01A5H         LINE#         19
  C:01AFH         LINE#         20
  C:01AFH         LINE#         22
  C:01AFH         LINE#         23
  C:01B1H         LINE#         24
  C:01B3H         LINE#         25
  C:01B5H         LINE#         26
  -------         ENDPROC       _DELAY
  -------         PROC          _HC138
  D:0007H         SYMBOL        n
  C:01D8H         LINE#         36
  C:01D8H         LINE#         37
  C:01D8H         LINE#         38
BL51 BANKED LINKER/LOCATER V6.22                                                      03/17/2026  20:17:29  PAGE 4


  C:01E5H         LINE#         39
  -------         ENDPROC       _HC138
  -------         PROC          _OUT
  D:0007H         SYMBOL        channel
  D:0005H         SYMBOL        dat
  C:01FCH         LINE#         40
  C:01FCH         LINE#         41
  C:01FCH         LINE#         42
  C:01FEH         LINE#         43
  C:0201H         LINE#         44
  -------         ENDPROC       _OUT
  -------         PROC          _SMG_BIT
  D:0004H         SYMBOL        value
  D:0006H         SYMBOL        pos
  C:015FH         LINE#         48
  C:0163H         LINE#         49
  C:0163H         LINE#         50
  C:016AH         LINE#         51
  C:017DH         LINE#         52
  -------         ENDPROC       _SMG_BIT
  C:018FH         SYMBOL        L?0042
  -------         PROC          L?0041
  -------         ENDPROC       L?0041
  C:018FH         SYMBOL        L?0042
  -------         PROC          _SMG_DELAY
  D:0006H         SYMBOL        t
  C:0196H         LINE#         56
  C:0196H         LINE#         57
  C:0196H         LINE#         58
  C:01A0H         LINE#         59
  -------         ENDPROC       _SMG_DELAY
  -------         PROC          SMG_SHOW
  C:009AH         LINE#         62
  C:009AH         LINE#         63
  C:009AH         LINE#         64
  C:009EH         LINE#         65
  C:00A1H         LINE#         66
  C:00ABH         LINE#         67
  C:00AEH         LINE#         68
  C:00B6H         LINE#         69
  C:00B9H         LINE#         70
  C:00BDH         LINE#         71
  C:00C0H         LINE#         72
  C:00CAH         LINE#         73
  C:00CDH         LINE#         74
  C:00D5H         LINE#         75
  C:00D8H         LINE#         76
  C:00E7H         LINE#         77
  C:00EAH         LINE#         78
  C:00F7H         LINE#         79
  -------         ENDPROC       SMG_SHOW
  -------         PROC          INITTIME
  C:01C8H         LINE#         84
  C:01C8H         LINE#         85
  C:01C8H         LINE#         86
  C:01CBH         LINE#         87
  C:01CEH         LINE#         88
BL51 BANKED LINKER/LOCATER V6.22                                                      03/17/2026  20:17:29  PAGE 5


  C:01D1H         LINE#         90
  C:01D3H         LINE#         91
  C:01D5H         LINE#         92
  C:01D7H         LINE#         93
  -------         ENDPROC       INITTIME
  -------         PROC          SERVICETIME
  C:0132H         LINE#         96
  C:0136H         LINE#         98
  C:0139H         LINE#         99
  C:013CH         LINE#         100
  C:013EH         LINE#         101
  C:0143H         LINE#         102
  C:0143H         LINE#         103
  C:0145H         LINE#         104
  C:0148H         LINE#         105
  C:0148H         LINE#         106
  C:014DH         LINE#         107
  C:014DH         LINE#         108
  C:014FH         LINE#         109
  C:0152H         LINE#         110
  C:0152H         LINE#         111
  C:0157H         LINE#         112
  C:0157H         LINE#         113
  C:015AH         LINE#         114
  C:015AH         LINE#         115
  -------         ENDPROC       SERVICETIME
  -------         PROC          _KEY_DELAY
  D:0006H         SYMBOL        t
  C:01E6H         LINE#         118
  C:01E6H         LINE#         119
  C:01E6H         LINE#         120
  C:01F0H         LINE#         121
  -------         ENDPROC       _KEY_DELAY
  -------         PROC          KEY
  C:00FEH         LINE#         125
  C:00FEH         LINE#         126
  C:00FEH         LINE#         127
  C:0101H         LINE#         128
  C:0101H         LINE#         129
  C:0108H         LINE#         130
  C:010BH         LINE#         131
  C:010BH         LINE#         132
  C:010DH         LINE#         133
  C:0110H         LINE#         134
  C:0110H         LINE#         135
  C:0113H         LINE#         136
  C:0115H         LINE#         137
  C:0115H         LINE#         138
  C:0115H         LINE#         140
  C:0118H         LINE#         141
  C:0118H         LINE#         142
  C:011FH         LINE#         143
  C:0122H         LINE#         144
  C:0122H         LINE#         145
  C:0125H         LINE#         146
  C:0127H         LINE#         147
  C:0129H         LINE#         148
BL51 BANKED LINKER/LOCATER V6.22                                                      03/17/2026  20:17:29  PAGE 6


  C:012CH         LINE#         149
  C:012CH         LINE#         150
  C:012FH         LINE#         151
  C:0131H         LINE#         152
  C:0131H         LINE#         153
  C:0131H         LINE#         154
  -------         ENDPROC       KEY
  -------         PROC          MAIN
  C:01F1H         LINE#         157
  C:01F1H         LINE#         158
  C:01F1H         LINE#         159
  C:01F4H         LINE#         160
  C:01F4H         LINE#         161
  C:01F4H         LINE#         162
  C:01F7H         LINE#         163
  C:01FAH         LINE#         164
  -------         ENDPROC       MAIN
  -------         ENDMOD        MAIN

*** WARNING L16: UNCALLED SEGMENT, IGNORED FOR OVERLAY PROCESS
    SEGMENT: ?PR?_DELAY?MAIN

Program Size: data=12.0 xdata=0 code=520
LINK/LOCATE RUN COMPLETE.  1 WARNING(S),  0 ERROR(S)
