C51 COMPILER V9.54   MAIN                                                                  03/02/2026 22:42:58 PAGE 1   


C51 COMPILER V9.54, COMPILATION OF MODULE MAIN
OBJECT MODULE PLACED IN .\Objects\main.obj
COMPILER INVOKED BY: D:\01_Portable_Apps\Dev_Kit\keil\C51\BIN\C51.EXE main.c OPTIMIZE(8,SPEED) BROWSE DEBUG OBJECTEXTEND
                    - PRINT(.\Listings\main.lst) TABS(2) OBJECT(.\Objects\main.obj)

line level    source

   1          #include <STC15F2K60S2.H>
   2          #include <intrins.h>
   3          
   4          // 声明变量
   5          unsigned char ucLed = 0xfe;
   6          unsigned char Key_Val, Key_Down, Key_Up, Key_Old;
   7          bit System_Flag;
   8          unsigned int Time = 100;
   9          
  10          // 延时函数：毫秒级延时 (@12.000MHz)
  11          void Delay(unsigned char xms)    
  12          {
  13   1        unsigned char data i, j;
  14   1        while(xms--)
  15   1        {
  16   2          i = 12;
  17   2          j = 169;
  18   2          do
  19   2          {
  20   3            while (--j);
  21   3          } while (--i);
  22   2        }
  23   1      }
  24          
  25          // 按键读取函数：获取当前物理引脚状态
  26          // 按键读取函数：获取当前物理引脚状态
  27          unsigned char Key_Read()
  28          {
  29   1        unsigned char temp = 0;
  30   1        
  31   1        P30 = 0; P31 = 1; P32 = 1; P33 = 1;
  32   1        if (P34 == 0) temp = 1;
  33   1        if (P35 == 0) temp = 2;
  34   1        if (P42 == 0) temp = 3;
  35   1        if (P44 == 0) temp = 4;
  36   1        
  37   1        P30 = 1; P31 = 0; P32 = 1; P33 = 1;
  38   1        if (P34 == 0) temp = 5;
  39   1        if (P35 == 0) temp = 6;
  40   1        if (P42 == 0) temp = 7;
  41   1        if (P44 == 0) temp = 8;
  42   1        
  43   1        P30 = 1; P31 = 1; P32 = 0; P33 = 1;
  44   1        if (P34 == 0) temp = 9;
  45   1        if (P35 == 0) temp = 10;
  46   1        if (P42 == 0) temp = 11;
  47   1        if (P44 == 0) temp = 12;
  48   1        
  49   1        P30 = 1; P31 = 1; P32 = 1; P33 = 0;
  50   1        if (P34 == 0) temp = 13;
  51   1        if (P35 == 0) temp = 14;
  52   1        if (P42 == 0) temp = 15;
  53   1        if (P44 == 0) temp = 16;
  54   1        
C51 COMPILER V9.54   MAIN                                                                  03/02/2026 22:42:58 PAGE 2   

  55   1        return temp;
  56   1      }
  57          
  58          // 主函数
  59          void main()
  60          {
  61   1        while (1)
  62   1        {
  63   2          // 1. 软件消抖核心：强制单片机每 10ms 扫描一次按键，避开高频机械抖动
  64   2          Delay(10); 
  65   2          
  66   2          // 2. 状态机运算逻辑
  67   2          Key_Val = Key_Read();                     // 采样当前状态
  68   2          Key_Down = Key_Val & (Key_Val ^ Key_Old); // 提取下降沿（刚按下瞬间）
  69   2          Key_Up = ~Key_Val & (Key_Val ^ Key_Old);  // 提取上升沿（刚松开瞬间）
  70   2          Key_Old = Key_Val;                        // 更新历史状态，为下一次扫描做准备
  71   2          
  72   2          // 3. 业务执行
  73   2          if(System_Flag == 1)
  74   2            {
  75   3          ucLed = _crol_(ucLed,1);
  76   3          P1 = ucLed;
  77   3          Delay(Time);
  78   3            }
  79   2      
  80   2          switch (Key_Down)
  81   2          {
  82   3            case 1:               
  83   3              System_Flag = 1;    
  84   3              break;              
  85   3      
  86   3            case 2:               
  87   3              System_Flag = 0;    
  88   3              break;
  89   3            
  90   3            case 3:
  91   3              Time += 100;
  92   3              break;
  93   3            
  94   3            case 4:
  95   3              Time -= 100;
  96   3              break;
  97   3          }
  98   2          
  99   2        }
 100   1      }


MODULE INFORMATION:   STATIC OVERLAYABLE
   CODE SIZE        =    233    ----
   CONSTANT SIZE    =   ----    ----
   XDATA SIZE       =   ----    ----
   PDATA SIZE       =   ----    ----
   DATA SIZE        =      7    ----
   IDATA SIZE       =   ----    ----
   BIT SIZE         =      1    ----
END OF MODULE INFORMATION.


C51 COMPILATION COMPLETE.  0 WARNING(S),  0 ERROR(S)
